2015-02-18T17:19:56.538+0100: 2,019: [GC [1 CMS-initial-mark: 0K(699072K)] 139849K(1013632K), 0,0171850 secs] [Times: user=0,02 sys=0,00, real=0,02 secs] 
2015-02-18T17:19:56.555+0100: 2,036: [CMS-concurrent-mark-start]
2015-02-18T17:19:56.561+0100: 2,042: [CMS-concurrent-mark: 0,006/0,006 secs] [Times: user=0,01 sys=0,00, real=0,01 secs] 
2015-02-18T17:19:56.561+0100: 2,042: [CMS-concurrent-preclean-start]
2015-02-18T17:19:56.575+0100: 2,056: [CMS-concurrent-preclean: 0,014/0,014 secs] [Times: user=0,01 sys=0,00, real=0,01 secs] 
2015-02-18T17:19:56.575+0100: 2,056: [CMS-concurrent-abortable-preclean-start]
 CMS: abort preclean due to time 2015-02-18T17:20:01.615+0100: 7,095: [CMS-concurrent-abortable-preclean: 0,038/5,040 secs] [Times: user=0,06 sys=0,01, real=5,04 secs] 
2015-02-18T17:20:01.615+0100: 7,096: [GC[YG occupancy: 151040 K (314560 K)]2015-02-18T17:20:01.619+0100: 7,100: [GC2015-02-18T17:20:01.619+0100: 7,100: [ParNew: 151040K->10515K(314560K), 0,0089310 secs] 151040K->10515K(1013632K), 0,0089960 secs] [Times: user=0,04 sys=0,00, real=0,00 secs] 
2015-02-18T17:20:01.628+0100: 7,109: [Rescan (parallel) , 0,0050300 secs]2015-02-18T17:20:01.633+0100: 7,114: [weak refs processing, 0,0000180 secs]2015-02-18T17:20:01.633+0100: 7,114: [class unloading, 0,0007640 secs]2015-02-18T17:20:01.634+0100: 7,115: [scrub symbol table, 0,0016430 secs]2015-02-18T17:20:01.636+0100: 7,117: [scrub string table, 0,0001430 secs] [1 CMS-remark: 0K(699072K)] 10515K(1013632K), 0,0211110 secs] [Times: user=0,07 sys=0,00, real=0,02 secs] 
2015-02-18T17:20:01.636+0100: 7,117: [CMS-concurrent-sweep-start]
2015-02-18T17:20:01.640+0100: 7,120: [CMS-concurrent-sweep: 0,003/0,004 secs] [Times: user=0,01 sys=0,00, real=0,01 secs] 
2015-02-18T17:20:01.640+0100: 7,121: [CMS-concurrent-reset-start]
2015-02-18T17:20:01.642+0100: 7,123: [CMS-concurrent-reset: 0,002/0,002 secs] [Times: user=0,00 sys=0,00, real=0,00 secs] 
